// Jest Snapshot v1, https://goo.gl/fbAQLP

exports[`<HumusBalance /> renders 1`] = `
<div
  className=""
  onAnimationEnd={[Function]}
  onAnimationStart={[Function]}
>
  2.00
</div>
`;
